{
  "name": "diez-stdlib-test-stub",
  "version": "10.10.10",
  "license": "MIT",
  "main": "./index.js",
  "exports": {
    "require": "./index.js",
    "import": "./wrapper.mjs"
  },
  "dependencies": {
    "lottie-web": "^5.5.2",
    "@diez/web-sdk-common": "^10.3.1"
  }
}
