{
  "info": {
    "version": 1,
    "author": "org.diez.StdlibTestStub.Static"
  },
  "images": [
    {
      "filename": "unexistent-image-fallback-test.jpg",
      "scale": "1x",
      "idiom": "universal"
    },
    {
      "filename": "unexistent-image-fallback-test@2x.jpg",
      "scale": "2x",
      "idiom": "universal"
    },
    {
      "filename": "unexistent-image-fallback-test@3x.jpg",
      "scale": "3x",
      "idiom": "universal"
    }
  ]
}