{"version":"2.3.6","fields":["name","type"],"fieldVectors":[["name//Primitives",[14,2.893]],["type//Primitives",[13,1.897]],["name//Primitives#number",[1,2.893]],["type//Primitives#number",[2,0.727]],["name//Primitives#integer",[3,2.893]],["type//Primitives#integer",[4,2.996]],["name//Primitives#float",[2,0.702]],["type//Primitives#float",[2,0.727]],["name//Primitives#string",[5,2.4]],["type//Primitives#string",[5,2.485]],["name//Primitives#boolean",[6,2.4]],["type//Primitives#boolean",[6,2.485]],["name//Primitives/child",[12,2.075]],["type//Primitives/child",[13,1.897]],["name//Primitives/emptyChild",[15,2.893]],["type//Primitives/emptyChild",[16,2.996]],["name//Primitives/nestedPrefabs",[17,2.893]],["type//Primitives/nestedPrefabs",[18,2.485]],["name//Primitives/nestedPrefabs#diez",[19,2.4]],["type//Primitives/nestedPrefabs#diez",[2,0.727]],["name//Primitives/nestedPrefabs/child",[12,2.075]],["type//Primitives/nestedPrefabs/child",[13,1.897]],["name//Primitives/nestedPrefabs/color",[20,1.832]],["type//Primitives/nestedPrefabs/color",[20,1.897]],["name//Primitives/nestedPrefabs/color#h",[21,2.4]],["type//Primitives/nestedPrefabs/color#h",[2,0.727]],["name//Primitives/nestedPrefabs/color#s",[22,2.4]],["type//Primitives/nestedPrefabs/color#s",[2,0.727]],["name//Primitives/nestedPrefabs/color#l",[23,2.4]],["type//Primitives/nestedPrefabs/color#l",[2,0.727]],["name//Primitives/nestedPrefabs/color#a",[]],["type//Primitives/nestedPrefabs/color#a",[2,0.727]],["name//Primitives/nestedPrefabsWithOverride",[24,2.893]],["type//Primitives/nestedPrefabsWithOverride",[18,2.485]],["name//Primitives/nestedPrefabsWithOverride#diez",[19,2.4]],["type//Primitives/nestedPrefabsWithOverride#diez",[2,0.727]],["name//Primitives/nestedPrefabsWithOverride/child",[12,2.075]],["type//Primitives/nestedPrefabsWithOverride/child",[13,1.897]],["name//Primitives/nestedPrefabsWithOverride/color",[20,1.832]],["type//Primitives/nestedPrefabsWithOverride/color",[20,1.897]],["name//Primitives/nestedPrefabsWithOverride/color#h",[21,2.4]],["type//Primitives/nestedPrefabsWithOverride/color#h",[2,0.727]],["name//Primitives/nestedPrefabsWithOverride/color#s",[22,2.4]],["type//Primitives/nestedPrefabsWithOverride/color#s",[2,0.727]],["name//Primitives/nestedPrefabsWithOverride/color#l",[23,2.4]],["type//Primitives/nestedPrefabsWithOverride/color#l",[2,0.727]],["name//Primitives/nestedPrefabsWithOverride/color#a",[]],["type//Primitives/nestedPrefabsWithOverride/color#a",[2,0.727]],["name//Primitives#referred",[25,2.893]],["type//Primitives#referred",[2,0.727]]],"invertedIndex":[["2",{"_index":10,"name":{},"type":{"/Primitives":{}}}],["3",{"_index":8,"name":{},"type":{"/Primitives":{}}}],["boolean",{"_index":6,"name":{"/Primitives#boolean":{}},"type":{"/Primitives#boolean":{}}}],["child",{"_index":12,"name":{"/Primitives/child":{},"/Primitives/nestedPrefabs/child":{},"/Primitives/nestedPrefabsWithOverride/child":{}},"type":{}}],["childcomponent",{"_index":13,"name":{},"type":{"/Primitives/child":{},"/Primitives":{},"/Primitives/nestedPrefabs/child":{},"/Primitives/nestedPrefabsWithOverride/child":{}}}],["childs",{"_index":14,"name":{"/Primitives":{}},"type":{}}],["color",{"_index":20,"name":{"/Primitives/nestedPrefabs/color":{},"/Primitives/nestedPrefabsWithOverride/color":{}},"type":{"/Primitives/nestedPrefabs/color":{},"/Primitives/nestedPrefabsWithOverride/color":{}}}],["diez",{"_index":19,"name":{"/Primitives/nestedPrefabs#diez":{},"/Primitives/nestedPrefabsWithOverride#diez":{}},"type":{}}],["emptychild",{"_index":15,"name":{"/Primitives/emptyChild":{}},"type":{}}],["emptycomponent",{"_index":16,"name":{},"type":{"/Primitives/emptyChild":{}}}],["emptylist",{"_index":11,"name":{"/Primitives":{}},"type":{}}],["float",{"_index":2,"name":{"/Primitives#float":{}},"type":{"/Primitives#number":{},"/Primitives#float":{},"/Primitives/nestedPrefabs#diez":{},"/Primitives/nestedPrefabs/color#h":{},"/Primitives/nestedPrefabs/color#s":{},"/Primitives/nestedPrefabs/color#l":{},"/Primitives/nestedPrefabs/color#a":{},"/Primitives/nestedPrefabsWithOverride#diez":{},"/Primitives/nestedPrefabsWithOverride/color#h":{},"/Primitives/nestedPrefabsWithOverride/color#s":{},"/Primitives/nestedPrefabsWithOverride/color#l":{},"/Primitives/nestedPrefabsWithOverride/color#a":{},"/Primitives#referred":{}}}],["h",{"_index":21,"name":{"/Primitives/nestedPrefabs/color#h":{},"/Primitives/nestedPrefabsWithOverride/color#h":{}},"type":{}}],["int",{"_index":4,"name":{},"type":{"/Primitives#integer":{}}}],["integer",{"_index":3,"name":{"/Primitives#integer":{}},"type":{}}],["integers",{"_index":7,"name":{"/Primitives":{}},"type":{}}],["l",{"_index":23,"name":{"/Primitives/nestedPrefabs/color#l":{},"/Primitives/nestedPrefabsWithOverride/color#l":{}},"type":{}}],["nestedprefabcomponent",{"_index":18,"name":{},"type":{"/Primitives/nestedPrefabs":{},"/Primitives/nestedPrefabsWithOverride":{}}}],["nestedprefabs",{"_index":17,"name":{"/Primitives/nestedPrefabs":{}},"type":{}}],["nestedprefabswithoverride",{"_index":24,"name":{"/Primitives/nestedPrefabsWithOverride":{}},"type":{}}],["number",{"_index":1,"name":{"/Primitives#number":{}},"type":{}}],["primitives",{"_index":0,"name":{"/Primitives":{}},"type":{"/Primitives":{}}}],["referred",{"_index":25,"name":{"/Primitives#referred":{}},"type":{}}],["s",{"_index":22,"name":{"/Primitives/nestedPrefabs/color#s":{},"/Primitives/nestedPrefabsWithOverride/color#s":{}},"type":{}}],["string",{"_index":5,"name":{"/Primitives#string":{}},"type":{"/Primitives#string":{}}}],["strings",{"_index":9,"name":{"/Primitives":{}},"type":{}}]],"pipeline":[]}
