{
  "name": "diez-stdlib-test-stub-docs",
  "version": "10.10.10",
  "dependencies": {
    "@diez/docs-template-app": "^10.5.0-beta.2"
  },
  "scripts": {
    "build": "docs-app build",
    "start": "docs-app start"
  }
}
