{"version":"2.3.6","fields":["name","type"],"fieldVectors":[["name//Bindings",[0,1.917]],["type//Bindings",[0,1.917]],["name//Bindings/image",[1,1.58]],["type//Bindings/image",[1,1.58]],["name//Bindings/missingImage",[2,2.428]],["type//Bindings/missingImage",[1,1.58]],["name//Bindings/lottie",[3,1.917]],["type//Bindings/lottie",[3,1.917]],["name//Bindings/typograph",[4,1.329]],["type//Bindings/typograph",[4,1.329]],["name//Bindings/tallTypograph",[5,2.428]],["type//Bindings/tallTypograph",[4,1.329]],["name//Bindings/googleFontsTypograph",[6,2.428]],["type//Bindings/googleFontsTypograph",[4,1.329]],["name//Bindings/linearGradient",[7,1.917]],["type//Bindings/linearGradient",[7,1.917]],["name//Bindings/point",[8,2.428]],["type//Bindings/point",[9,2.428]],["name//Bindings/size",[10,2.428]],["type//Bindings/size",[11,2.428]],["name//Bindings/shadow",[12,2.428]],["type//Bindings/shadow",[13,2.428]],["name//Bindings/fill",[14,1.917]],["type//Bindings/fill",[14,1.917]],["name//Bindings/panel",[15,1.917]],["type//Bindings/panel",[15,1.917]],["name//Bindings/color",[16,1.58]],["type//Bindings/color",[16,1.58]],["name//Bindings/file",[17,1.917]],["type//Bindings/file",[17,1.917]],["name//Bindings/referencedColor",[18,2.428]],["type//Bindings/referencedColor",[16,1.58]]],"invertedIndex":[["bindings",{"_index":0,"name":{"/Bindings":{}},"type":{"/Bindings":{}}}],["color",{"_index":16,"name":{"/Bindings/color":{}},"type":{"/Bindings/color":{},"/Bindings/referencedColor":{}}}],["dropshadow",{"_index":13,"name":{},"type":{"/Bindings/shadow":{}}}],["file",{"_index":17,"name":{"/Bindings/file":{}},"type":{"/Bindings/file":{}}}],["fill",{"_index":14,"name":{"/Bindings/fill":{}},"type":{"/Bindings/fill":{}}}],["googlefontstypograph",{"_index":6,"name":{"/Bindings/googleFontsTypograph":{}},"type":{}}],["image",{"_index":1,"name":{"/Bindings/image":{}},"type":{"/Bindings/image":{},"/Bindings/missingImage":{}}}],["lineargradient",{"_index":7,"name":{"/Bindings/linearGradient":{}},"type":{"/Bindings/linearGradient":{}}}],["lottie",{"_index":3,"name":{"/Bindings/lottie":{}},"type":{"/Bindings/lottie":{}}}],["missingimage",{"_index":2,"name":{"/Bindings/missingImage":{}},"type":{}}],["panel",{"_index":15,"name":{"/Bindings/panel":{}},"type":{"/Bindings/panel":{}}}],["point",{"_index":8,"name":{"/Bindings/point":{}},"type":{}}],["point2d",{"_index":9,"name":{},"type":{"/Bindings/point":{}}}],["referencedcolor",{"_index":18,"name":{"/Bindings/referencedColor":{}},"type":{}}],["shadow",{"_index":12,"name":{"/Bindings/shadow":{}},"type":{}}],["size",{"_index":10,"name":{"/Bindings/size":{}},"type":{}}],["size2d",{"_index":11,"name":{},"type":{"/Bindings/size":{}}}],["talltypograph",{"_index":5,"name":{"/Bindings/tallTypograph":{}},"type":{}}],["typograph",{"_index":4,"name":{"/Bindings/typograph":{}},"type":{"/Bindings/typograph":{},"/Bindings/tallTypograph":{},"/Bindings/googleFontsTypograph":{}}}]],"pipeline":[]}
